AR alu_decoder behavioral C:/Users/ro-d-/Facultad/Facultad/2020/segundo_Cuatrimestre/organizacion_de_las_Computadoras/TPI02_VHDL/AlvezRodrigoEsteban_SoleMatiasJesus_TPI2_OC2020/Alu_Decoder.vhd sub00/vhpl29 1606865365
EN main_decoder NULL C:/Users/ro-d-/Facultad/Facultad/2020/segundo_Cuatrimestre/organizacion_de_las_Computadoras/TPI02_VHDL/AlvezRodrigoEsteban_SoleMatiasJesus_TPI2_OC2020/Main_Decoder.vhd sub00/vhpl26 1606865362
AR unidad_me behavioral C:/Users/ro-d-/Facultad/Facultad/2020/segundo_Cuatrimestre/organizacion_de_las_Computadoras/TPI02_VHDL/AlvezRodrigoEsteban_SoleMatiasJesus_TPI2_OC2020/Unidad_ME.vhd sub00/vhpl51 1606865393
AR mux2x1_srcb behavioral C:/Users/ro-d-/Facultad/Facultad/2020/segundo_Cuatrimestre/organizacion_de_las_Computadoras/TPI02_VHDL/AlvezRodrigoEsteban_SoleMatiasJesus_TPI2_OC2020/Mux2x1_SrcB.vhd sub00/vhpl23 1606865385
AR procesador behavioral C:/Users/ro-d-/Facultad/Facultad/2020/segundo_Cuatrimestre/organizacion_de_las_Computadoras/TPI02_VHDL/AlvezRodrigoEsteban_SoleMatiasJesus_TPI2_OC2020/Procesador.vhd sub00/vhpl01 1606865399
AR camino_datos behavioral C:/Users/ro-d-/Facultad/Facultad/2020/segundo_Cuatrimestre/organizacion_de_las_Computadoras/TPI02_VHDL/AlvezRodrigoEsteban_SoleMatiasJesus_TPI2_OC2020/Camino_Datos.vhd sub00/vhpl07 1606865395
AR unit_control behavioral C:/Users/ro-d-/Facultad/Facultad/2020/segundo_Cuatrimestre/organizacion_de_las_Computadoras/TPI02_VHDL/AlvezRodrigoEsteban_SoleMatiasJesus_TPI2_OC2020/Unit_Control.vhd sub00/vhpl09 1606865397
EN mux2x1_data NULL C:/Users/ro-d-/Facultad/Facultad/2020/segundo_Cuatrimestre/organizacion_de_las_Computadoras/TPI02_VHDL/AlvezRodrigoEsteban_SoleMatiasJesus_TPI2_OC2020/Mux2x1_Data.vhd sub00/vhpl24 1606865390
EN mux_jr NULL C:/Users/ro-d-/Facultad/Facultad/2020/segundo_Cuatrimestre/organizacion_de_las_Computadoras/TPI02_VHDL/AlvezRodrigoEsteban_SoleMatiasJesus_TPI2_OC2020/Mux_JR.vhd sub00/vhpl36 1606865380
EN mux_me NULL C:/Users/ro-d-/Facultad/Facultad/2020/segundo_Cuatrimestre/organizacion_de_las_Computadoras/TPI02_VHDL/AlvezRodrigoEsteban_SoleMatiasJesus_TPI2_OC2020/Mux_ME.vhd sub00/vhpl48 1606865360
EN contador_me NULL C:/Users/ro-d-/Facultad/Facultad/2020/segundo_Cuatrimestre/organizacion_de_las_Computadoras/TPI02_VHDL/AlvezRodrigoEsteban_SoleMatiasJesus_TPI2_OC2020/Contador_ME.vhd sub00/vhpl46 1606865358
AR gen_imm behavioral C:/Users/ro-d-/Facultad/Facultad/2020/segundo_Cuatrimestre/organizacion_de_las_Computadoras/TPI02_VHDL/AlvezRodrigoEsteban_SoleMatiasJesus_TPI2_OC2020/Gen_Imm.vhd sub00/vhpl19 1606865379
EN pc_jump NULL C:/Users/ro-d-/Facultad/Facultad/2020/segundo_Cuatrimestre/organizacion_de_las_Computadoras/TPI02_VHDL/AlvezRodrigoEsteban_SoleMatiasJesus_TPI2_OC2020/Sumador_Branch.vhd sub00/vhpl38 1606865382
EN mem_ram NULL C:/Users/ro-d-/Facultad/Facultad/2020/segundo_Cuatrimestre/organizacion_de_las_Computadoras/TPI02_VHDL/AlvezRodrigoEsteban_SoleMatiasJesus_TPI2_OC2020/mem_RAM.vhd sub00/vhpl02 1606865400
AR sumador_pc_4 behavioral C:/Users/ro-d-/Facultad/Facultad/2020/segundo_Cuatrimestre/organizacion_de_las_Computadoras/TPI02_VHDL/AlvezRodrigoEsteban_SoleMatiasJesus_TPI2_OC2020/Sumador_PC_4.vhd sub00/vhpl11 1606865371
AR mux_pcnext behavioral "D:/Facultad/3ro/Organizacion de las computadoras/TP2/TPI2/Mux_PCNext.vhd" sub00/vhpl31 1605491083
EN banco_de_registros NULL C:/Users/ro-d-/Facultad/Facultad/2020/segundo_Cuatrimestre/organizacion_de_las_Computadoras/TPI02_VHDL/AlvezRodrigoEsteban_SoleMatiasJesus_TPI2_OC2020/Banco_De_Regsitros.vhd sub00/vhpl16 1606865376
EN mux_pcnext NULL "D:/Facultad/3ro/Organizacion de las computadoras/TP2/TPI2/Mux_PCNext.vhd" sub00/vhpl30 1605491082
EN mux_pcplus4 NULL C:/Users/ro-d-/Facultad/Facultad/2020/segundo_Cuatrimestre/organizacion_de_las_Computadoras/TPI02_VHDL/AlvezRodrigoEsteban_SoleMatiasJesus_TPI2_OC2020/Mux_PCNext.vhd sub00/vhpl40 1606865368
EN reg_me NULL C:/Users/ro-d-/Facultad/Facultad/2020/segundo_Cuatrimestre/organizacion_de_las_Computadoras/TPI02_VHDL/AlvezRodrigoEsteban_SoleMatiasJesus_TPI2_OC2020/Reg_ME.vhd sub00/vhpl44 1606865356
AR mem_ram behavioral C:/Users/ro-d-/Facultad/Facultad/2020/segundo_Cuatrimestre/organizacion_de_las_Computadoras/TPI02_VHDL/AlvezRodrigoEsteban_SoleMatiasJesus_TPI2_OC2020/mem_RAM.vhd sub00/vhpl03 1606865401
EN unidad_me NULL C:/Users/ro-d-/Facultad/Facultad/2020/segundo_Cuatrimestre/organizacion_de_las_Computadoras/TPI02_VHDL/AlvezRodrigoEsteban_SoleMatiasJesus_TPI2_OC2020/Unidad_ME.vhd sub00/vhpl50 1606865392
AR mux_jump behavioral C:/Users/ro-d-/Facultad/Facultad/2020/segundo_Cuatrimestre/organizacion_de_las_Computadoras/TPI02_VHDL/AlvezRodrigoEsteban_SoleMatiasJesus_TPI2_OC2020/Mux_Jump.vhd sub00/vhpl35 1606865367
EN alu_decoder NULL C:/Users/ro-d-/Facultad/Facultad/2020/segundo_Cuatrimestre/organizacion_de_las_Computadoras/TPI02_VHDL/AlvezRodrigoEsteban_SoleMatiasJesus_TPI2_OC2020/Alu_Decoder.vhd sub00/vhpl28 1606865364
EN top_rv32i NULL C:/Users/ro-d-/Facultad/Facultad/2020/segundo_Cuatrimestre/organizacion_de_las_Computadoras/TPI02_VHDL/AlvezRodrigoEsteban_SoleMatiasJesus_TPI2_OC2020/TOP_RV32I.vhd sub00/vhpl04 1606865402
EN mux_jump NULL C:/Users/ro-d-/Facultad/Facultad/2020/segundo_Cuatrimestre/organizacion_de_las_Computadoras/TPI02_VHDL/AlvezRodrigoEsteban_SoleMatiasJesus_TPI2_OC2020/Mux_Jump.vhd sub00/vhpl34 1606865366
AR main_decoder behavioral C:/Users/ro-d-/Facultad/Facultad/2020/segundo_Cuatrimestre/organizacion_de_las_Computadoras/TPI02_VHDL/AlvezRodrigoEsteban_SoleMatiasJesus_TPI2_OC2020/Main_Decoder.vhd sub00/vhpl27 1606865363
EN procesador NULL C:/Users/ro-d-/Facultad/Facultad/2020/segundo_Cuatrimestre/organizacion_de_las_Computadoras/TPI02_VHDL/AlvezRodrigoEsteban_SoleMatiasJesus_TPI2_OC2020/Procesador.vhd sub00/vhpl00 1606865398
AR top_rv32i behavioral C:/Users/ro-d-/Facultad/Facultad/2020/segundo_Cuatrimestre/organizacion_de_las_Computadoras/TPI02_VHDL/AlvezRodrigoEsteban_SoleMatiasJesus_TPI2_OC2020/TOP_RV32I.vhd sub00/vhpl05 1606865403
AR contador_me behavioral C:/Users/ro-d-/Facultad/Facultad/2020/segundo_Cuatrimestre/organizacion_de_las_Computadoras/TPI02_VHDL/AlvezRodrigoEsteban_SoleMatiasJesus_TPI2_OC2020/Contador_ME.vhd sub00/vhpl47 1606865359
EN sumador_pc_4 NULL C:/Users/ro-d-/Facultad/Facultad/2020/segundo_Cuatrimestre/organizacion_de_las_Computadoras/TPI02_VHDL/AlvezRodrigoEsteban_SoleMatiasJesus_TPI2_OC2020/Sumador_PC_4.vhd sub00/vhpl10 1606865370
EN contador_de_programa NULL C:/Users/ro-d-/Facultad/Facultad/2020/segundo_Cuatrimestre/organizacion_de_las_Computadoras/TPI02_VHDL/AlvezRodrigoEsteban_SoleMatiasJesus_TPI2_OC2020/Contador_Programa.vhd sub00/vhpl12 1606865372
EN mem_rom NULL C:/Users/ro-d-/Facultad/Facultad/2020/segundo_Cuatrimestre/organizacion_de_las_Computadoras/TPI02_VHDL/AlvezRodrigoEsteban_SoleMatiasJesus_TPI2_OC2020/mem_ROM.vhd sub00/vhpl14 1606865374
AR mux_me behavioral C:/Users/ro-d-/Facultad/Facultad/2020/segundo_Cuatrimestre/organizacion_de_las_Computadoras/TPI02_VHDL/AlvezRodrigoEsteban_SoleMatiasJesus_TPI2_OC2020/Mux_ME.vhd sub00/vhpl49 1606865361
EN camino_datos NULL C:/Users/ro-d-/Facultad/Facultad/2020/segundo_Cuatrimestre/organizacion_de_las_Computadoras/TPI02_VHDL/AlvezRodrigoEsteban_SoleMatiasJesus_TPI2_OC2020/Camino_Datos.vhd sub00/vhpl06 1606865394
EN unit_control NULL C:/Users/ro-d-/Facultad/Facultad/2020/segundo_Cuatrimestre/organizacion_de_las_Computadoras/TPI02_VHDL/AlvezRodrigoEsteban_SoleMatiasJesus_TPI2_OC2020/Unit_Control.vhd sub00/vhpl08 1606865396
EN mux2x1_srcb NULL C:/Users/ro-d-/Facultad/Facultad/2020/segundo_Cuatrimestre/organizacion_de_las_Computadoras/TPI02_VHDL/AlvezRodrigoEsteban_SoleMatiasJesus_TPI2_OC2020/Mux2x1_SrcB.vhd sub00/vhpl22 1606865384
AR mux_jr behavioral C:/Users/ro-d-/Facultad/Facultad/2020/segundo_Cuatrimestre/organizacion_de_las_Computadoras/TPI02_VHDL/AlvezRodrigoEsteban_SoleMatiasJesus_TPI2_OC2020/Mux_JR.vhd sub00/vhpl37 1606865381
AR sumador_branch behavioral C:/Users/ro-d-/Facultad/Facultad/2020/segundo_Cuatrimestre/organizacion_de_las_Computadoras/TPI02_VHDL/TPI2/Sumador_Branch.vhd sub00/vhpl33 1605476566
AR mux_pcplus4 behavioral C:/Users/ro-d-/Facultad/Facultad/2020/segundo_Cuatrimestre/organizacion_de_las_Computadoras/TPI02_VHDL/AlvezRodrigoEsteban_SoleMatiasJesus_TPI2_OC2020/Mux_PCNext.vhd sub00/vhpl41 1606865369
AR reg_me behavioral C:/Users/ro-d-/Facultad/Facultad/2020/segundo_Cuatrimestre/organizacion_de_las_Computadoras/TPI02_VHDL/AlvezRodrigoEsteban_SoleMatiasJesus_TPI2_OC2020/Reg_ME.vhd sub00/vhpl45 1606865357
AR mux2x1_data behavioral C:/Users/ro-d-/Facultad/Facultad/2020/segundo_Cuatrimestre/organizacion_de_las_Computadoras/TPI02_VHDL/AlvezRodrigoEsteban_SoleMatiasJesus_TPI2_OC2020/Mux2x1_Data.vhd sub00/vhpl25 1606865391
EN sumador_branch NULL C:/Users/ro-d-/Facultad/Facultad/2020/segundo_Cuatrimestre/organizacion_de_las_Computadoras/TPI02_VHDL/TPI2/Sumador_Branch.vhd sub00/vhpl32 1605476565
AR alu behavioral C:/Users/ro-d-/Facultad/Facultad/2020/segundo_Cuatrimestre/organizacion_de_las_Computadoras/TPI02_VHDL/AlvezRodrigoEsteban_SoleMatiasJesus_TPI2_OC2020/ALU.vhd sub00/vhpl21 1606865387
AR banco_de_registros behavioral C:/Users/ro-d-/Facultad/Facultad/2020/segundo_Cuatrimestre/organizacion_de_las_Computadoras/TPI02_VHDL/AlvezRodrigoEsteban_SoleMatiasJesus_TPI2_OC2020/Banco_De_Regsitros.vhd sub00/vhpl17 1606865377
EN gen_imm NULL C:/Users/ro-d-/Facultad/Facultad/2020/segundo_Cuatrimestre/organizacion_de_las_Computadoras/TPI02_VHDL/AlvezRodrigoEsteban_SoleMatiasJesus_TPI2_OC2020/Gen_Imm.vhd sub00/vhpl18 1606865378
AR pc_jump behavioral C:/Users/ro-d-/Facultad/Facultad/2020/segundo_Cuatrimestre/organizacion_de_las_Computadoras/TPI02_VHDL/AlvezRodrigoEsteban_SoleMatiasJesus_TPI2_OC2020/Sumador_Branch.vhd sub00/vhpl39 1606865383
AR mux_auipc behavioral C:/Users/ro-d-/Facultad/Facultad/2020/segundo_Cuatrimestre/organizacion_de_las_Computadoras/TPI02_VHDL/AlvezRodrigoEsteban_SoleMatiasJesus_TPI2_OC2020/Mux_Auipc.vhd sub00/vhpl43 1606865389
AR mem_rom behavioral C:/Users/ro-d-/Facultad/Facultad/2020/segundo_Cuatrimestre/organizacion_de_las_Computadoras/TPI02_VHDL/AlvezRodrigoEsteban_SoleMatiasJesus_TPI2_OC2020/mem_ROM.vhd sub00/vhpl15 1606865375
EN mux_auipc NULL C:/Users/ro-d-/Facultad/Facultad/2020/segundo_Cuatrimestre/organizacion_de_las_Computadoras/TPI02_VHDL/AlvezRodrigoEsteban_SoleMatiasJesus_TPI2_OC2020/Mux_Auipc.vhd sub00/vhpl42 1606865388
AR contador_de_programa behavioral C:/Users/ro-d-/Facultad/Facultad/2020/segundo_Cuatrimestre/organizacion_de_las_Computadoras/TPI02_VHDL/AlvezRodrigoEsteban_SoleMatiasJesus_TPI2_OC2020/Contador_Programa.vhd sub00/vhpl13 1606865373
EN alu NULL C:/Users/ro-d-/Facultad/Facultad/2020/segundo_Cuatrimestre/organizacion_de_las_Computadoras/TPI02_VHDL/AlvezRodrigoEsteban_SoleMatiasJesus_TPI2_OC2020/ALU.vhd sub00/vhpl20 1606865386
