V3 154
FL C:/Users/ro-d-/Facultad/Facultad/2020/segundo_Cuatrimestre/organizacion_de_las_Computadoras/TPI02_VHDL/AlvezRodrigoEsteban_SoleMatiasJesus_TPI2_OC2020/ALU.vhd 2020/11/30.21:00:13 P.20131013
EN work/ALU 1606865386 \
      FL C:/Users/ro-d-/Facultad/Facultad/2020/segundo_Cuatrimestre/organizacion_de_las_Computadoras/TPI02_VHDL/AlvezRodrigoEsteban_SoleMatiasJesus_TPI2_OC2020/ALU.vhd \
      PB ieee/std_logic_1164 1381692176 PB ieee/NUMERIC_STD 1381692181
AR work/ALU/Behavioral 1606865387 \
      FL C:/Users/ro-d-/Facultad/Facultad/2020/segundo_Cuatrimestre/organizacion_de_las_Computadoras/TPI02_VHDL/AlvezRodrigoEsteban_SoleMatiasJesus_TPI2_OC2020/ALU.vhd \
      EN work/ALU 1606865386
FL C:/Users/ro-d-/Facultad/Facultad/2020/segundo_Cuatrimestre/organizacion_de_las_Computadoras/TPI02_VHDL/AlvezRodrigoEsteban_SoleMatiasJesus_TPI2_OC2020/Alu_Decoder.vhd 2020/11/07.00:57:27 P.20131013
EN work/Alu_Decoder 1606865364 \
      FL C:/Users/ro-d-/Facultad/Facultad/2020/segundo_Cuatrimestre/organizacion_de_las_Computadoras/TPI02_VHDL/AlvezRodrigoEsteban_SoleMatiasJesus_TPI2_OC2020/Alu_Decoder.vhd \
      PB ieee/std_logic_1164 1381692176
AR work/Alu_Decoder/Behavioral 1606865365 \
      FL C:/Users/ro-d-/Facultad/Facultad/2020/segundo_Cuatrimestre/organizacion_de_las_Computadoras/TPI02_VHDL/AlvezRodrigoEsteban_SoleMatiasJesus_TPI2_OC2020/Alu_Decoder.vhd \
      EN work/Alu_Decoder 1606865364
FL C:/Users/ro-d-/Facultad/Facultad/2020/segundo_Cuatrimestre/organizacion_de_las_Computadoras/TPI02_VHDL/AlvezRodrigoEsteban_SoleMatiasJesus_TPI2_OC2020/Banco_De_Regsitros.vhd 2020/11/30.21:00:13 P.20131013
EN work/Banco_De_Registros 1606865376 \
      FL C:/Users/ro-d-/Facultad/Facultad/2020/segundo_Cuatrimestre/organizacion_de_las_Computadoras/TPI02_VHDL/AlvezRodrigoEsteban_SoleMatiasJesus_TPI2_OC2020/Banco_De_Regsitros.vhd \
      PB ieee/std_logic_1164 1381692176 PB ieee/NUMERIC_STD 1381692181
AR work/Banco_De_Registros/Behavioral 1606865377 \
      FL C:/Users/ro-d-/Facultad/Facultad/2020/segundo_Cuatrimestre/organizacion_de_las_Computadoras/TPI02_VHDL/AlvezRodrigoEsteban_SoleMatiasJesus_TPI2_OC2020/Banco_De_Regsitros.vhd \
      EN work/Banco_De_Registros 1606865376
FL C:/Users/ro-d-/Facultad/Facultad/2020/segundo_Cuatrimestre/organizacion_de_las_Computadoras/TPI02_VHDL/AlvezRodrigoEsteban_SoleMatiasJesus_TPI2_OC2020/Camino_Datos.vhd 2020/11/29.00:26:05 P.20131013
EN work/Camino_Datos 1606865394 \
      FL C:/Users/ro-d-/Facultad/Facultad/2020/segundo_Cuatrimestre/organizacion_de_las_Computadoras/TPI02_VHDL/AlvezRodrigoEsteban_SoleMatiasJesus_TPI2_OC2020/Camino_Datos.vhd \
      PB ieee/std_logic_1164 1381692176
AR work/Camino_Datos/Behavioral 1606865395 \
      FL C:/Users/ro-d-/Facultad/Facultad/2020/segundo_Cuatrimestre/organizacion_de_las_Computadoras/TPI02_VHDL/AlvezRodrigoEsteban_SoleMatiasJesus_TPI2_OC2020/Camino_Datos.vhd \
      EN work/Camino_Datos 1606865394 CP Mux_Jump CP Mux_PCPlus4 CP Sumador_PC_4 \
      CP Contador_De_Programa CP mem_ROM CP Banco_De_Registros CP Gen_Imm CP Mux_JR \
      CP PC_Jump CP Mux2x1_SrcB CP ALU CP Mux_Auipc CP Mux2x1_Data CP Unidad_ME
FL C:/Users/ro-d-/Facultad/Facultad/2020/segundo_Cuatrimestre/organizacion_de_las_Computadoras/TPI02_VHDL/AlvezRodrigoEsteban_SoleMatiasJesus_TPI2_OC2020/Contador_ME.vhd 2020/11/29.01:23:51 P.20131013
EN work/Contador_ME 1606865358 \
      FL C:/Users/ro-d-/Facultad/Facultad/2020/segundo_Cuatrimestre/organizacion_de_las_Computadoras/TPI02_VHDL/AlvezRodrigoEsteban_SoleMatiasJesus_TPI2_OC2020/Contador_ME.vhd \
      PB ieee/std_logic_1164 1381692176
AR work/Contador_ME/Behavioral 1606865359 \
      FL C:/Users/ro-d-/Facultad/Facultad/2020/segundo_Cuatrimestre/organizacion_de_las_Computadoras/TPI02_VHDL/AlvezRodrigoEsteban_SoleMatiasJesus_TPI2_OC2020/Contador_ME.vhd \
      EN work/Contador_ME 1606865358
FL C:/Users/ro-d-/Facultad/Facultad/2020/segundo_Cuatrimestre/organizacion_de_las_Computadoras/TPI02_VHDL/AlvezRodrigoEsteban_SoleMatiasJesus_TPI2_OC2020/Contador_Programa.vhd 2020/11/29.00:57:35 P.20131013
EN work/Contador_De_Programa 1606865372 \
      FL C:/Users/ro-d-/Facultad/Facultad/2020/segundo_Cuatrimestre/organizacion_de_las_Computadoras/TPI02_VHDL/AlvezRodrigoEsteban_SoleMatiasJesus_TPI2_OC2020/Contador_Programa.vhd \
      PB ieee/std_logic_1164 1381692176
AR work/Contador_De_Programa/Behavioral 1606865373 \
      FL C:/Users/ro-d-/Facultad/Facultad/2020/segundo_Cuatrimestre/organizacion_de_las_Computadoras/TPI02_VHDL/AlvezRodrigoEsteban_SoleMatiasJesus_TPI2_OC2020/Contador_Programa.vhd \
      EN work/Contador_De_Programa 1606865372
FL C:/Users/ro-d-/Facultad/Facultad/2020/segundo_Cuatrimestre/organizacion_de_las_Computadoras/TPI02_VHDL/AlvezRodrigoEsteban_SoleMatiasJesus_TPI2_OC2020/Gen_Imm.vhd 2020/11/30.20:58:16 P.20131013
EN work/Gen_Imm 1606865378 \
      FL C:/Users/ro-d-/Facultad/Facultad/2020/segundo_Cuatrimestre/organizacion_de_las_Computadoras/TPI02_VHDL/AlvezRodrigoEsteban_SoleMatiasJesus_TPI2_OC2020/Gen_Imm.vhd \
      PB ieee/std_logic_1164 1381692176
AR work/Gen_Imm/Behavioral 1606865379 \
      FL C:/Users/ro-d-/Facultad/Facultad/2020/segundo_Cuatrimestre/organizacion_de_las_Computadoras/TPI02_VHDL/AlvezRodrigoEsteban_SoleMatiasJesus_TPI2_OC2020/Gen_Imm.vhd \
      EN work/Gen_Imm 1606865378
FL C:/Users/ro-d-/Facultad/Facultad/2020/segundo_Cuatrimestre/organizacion_de_las_Computadoras/TPI02_VHDL/AlvezRodrigoEsteban_SoleMatiasJesus_TPI2_OC2020/Main_Decoder.vhd 2020/11/30.20:59:30 P.20131013
EN work/Main_Decoder 1606865362 \
      FL C:/Users/ro-d-/Facultad/Facultad/2020/segundo_Cuatrimestre/organizacion_de_las_Computadoras/TPI02_VHDL/AlvezRodrigoEsteban_SoleMatiasJesus_TPI2_OC2020/Main_Decoder.vhd \
      PB ieee/std_logic_1164 1381692176
AR work/Main_Decoder/Behavioral 1606865363 \
      FL C:/Users/ro-d-/Facultad/Facultad/2020/segundo_Cuatrimestre/organizacion_de_las_Computadoras/TPI02_VHDL/AlvezRodrigoEsteban_SoleMatiasJesus_TPI2_OC2020/Main_Decoder.vhd \
      EN work/Main_Decoder 1606865362
FL C:/Users/ro-d-/Facultad/Facultad/2020/segundo_Cuatrimestre/organizacion_de_las_Computadoras/TPI02_VHDL/AlvezRodrigoEsteban_SoleMatiasJesus_TPI2_OC2020/mem_RAM.vhd 2020/11/30.20:59:54 P.20131013
EN work/mem_RAM 1606865400 \
      FL C:/Users/ro-d-/Facultad/Facultad/2020/segundo_Cuatrimestre/organizacion_de_las_Computadoras/TPI02_VHDL/AlvezRodrigoEsteban_SoleMatiasJesus_TPI2_OC2020/mem_RAM.vhd \
      PB ieee/std_logic_1164 1381692176 PB ieee/NUMERIC_STD 1381692181
AR work/mem_RAM/Behavioral 1606865401 \
      FL C:/Users/ro-d-/Facultad/Facultad/2020/segundo_Cuatrimestre/organizacion_de_las_Computadoras/TPI02_VHDL/AlvezRodrigoEsteban_SoleMatiasJesus_TPI2_OC2020/mem_RAM.vhd \
      EN work/mem_RAM 1606865400
FL C:/Users/ro-d-/Facultad/Facultad/2020/segundo_Cuatrimestre/organizacion_de_las_Computadoras/TPI02_VHDL/AlvezRodrigoEsteban_SoleMatiasJesus_TPI2_OC2020/mem_ROM.vhd 2020/12/01.14:48:57 P.20131013
EN work/mem_ROM 1606865374 \
      FL C:/Users/ro-d-/Facultad/Facultad/2020/segundo_Cuatrimestre/organizacion_de_las_Computadoras/TPI02_VHDL/AlvezRodrigoEsteban_SoleMatiasJesus_TPI2_OC2020/mem_ROM.vhd \
      PB ieee/std_logic_1164 1381692176 PB ieee/NUMERIC_STD 1381692181
AR work/mem_ROM/Behavioral 1606865375 \
      FL C:/Users/ro-d-/Facultad/Facultad/2020/segundo_Cuatrimestre/organizacion_de_las_Computadoras/TPI02_VHDL/AlvezRodrigoEsteban_SoleMatiasJesus_TPI2_OC2020/mem_ROM.vhd \
      EN work/mem_ROM 1606865374
FL C:/Users/ro-d-/Facultad/Facultad/2020/segundo_Cuatrimestre/organizacion_de_las_Computadoras/TPI02_VHDL/AlvezRodrigoEsteban_SoleMatiasJesus_TPI2_OC2020/Mux2x1_Data.vhd 2020/11/16.00:14:02 P.20131013
EN work/Mux2x1_Data 1606865390 \
      FL C:/Users/ro-d-/Facultad/Facultad/2020/segundo_Cuatrimestre/organizacion_de_las_Computadoras/TPI02_VHDL/AlvezRodrigoEsteban_SoleMatiasJesus_TPI2_OC2020/Mux2x1_Data.vhd \
      PB ieee/std_logic_1164 1381692176
AR work/Mux2x1_Data/Behavioral 1606865391 \
      FL C:/Users/ro-d-/Facultad/Facultad/2020/segundo_Cuatrimestre/organizacion_de_las_Computadoras/TPI02_VHDL/AlvezRodrigoEsteban_SoleMatiasJesus_TPI2_OC2020/Mux2x1_Data.vhd \
      EN work/Mux2x1_Data 1606865390
FL C:/Users/ro-d-/Facultad/Facultad/2020/segundo_Cuatrimestre/organizacion_de_las_Computadoras/TPI02_VHDL/AlvezRodrigoEsteban_SoleMatiasJesus_TPI2_OC2020/Mux2x1_SrcB.vhd 2020/11/06.10:50:42 P.20131013
EN work/Mux2x1_SrcB 1606865384 \
      FL C:/Users/ro-d-/Facultad/Facultad/2020/segundo_Cuatrimestre/organizacion_de_las_Computadoras/TPI02_VHDL/AlvezRodrigoEsteban_SoleMatiasJesus_TPI2_OC2020/Mux2x1_SrcB.vhd \
      PB ieee/std_logic_1164 1381692176
AR work/Mux2x1_SrcB/Behavioral 1606865385 \
      FL C:/Users/ro-d-/Facultad/Facultad/2020/segundo_Cuatrimestre/organizacion_de_las_Computadoras/TPI02_VHDL/AlvezRodrigoEsteban_SoleMatiasJesus_TPI2_OC2020/Mux2x1_SrcB.vhd \
      EN work/Mux2x1_SrcB 1606865384
FL C:/Users/ro-d-/Facultad/Facultad/2020/segundo_Cuatrimestre/organizacion_de_las_Computadoras/TPI02_VHDL/AlvezRodrigoEsteban_SoleMatiasJesus_TPI2_OC2020/Mux_Auipc.vhd 2020/11/16.01:50:01 P.20131013
EN work/Mux_Auipc 1606865388 \
      FL C:/Users/ro-d-/Facultad/Facultad/2020/segundo_Cuatrimestre/organizacion_de_las_Computadoras/TPI02_VHDL/AlvezRodrigoEsteban_SoleMatiasJesus_TPI2_OC2020/Mux_Auipc.vhd \
      PB ieee/std_logic_1164 1381692176
AR work/Mux_Auipc/Behavioral 1606865389 \
      FL C:/Users/ro-d-/Facultad/Facultad/2020/segundo_Cuatrimestre/organizacion_de_las_Computadoras/TPI02_VHDL/AlvezRodrigoEsteban_SoleMatiasJesus_TPI2_OC2020/Mux_Auipc.vhd \
      EN work/Mux_Auipc 1606865388
FL C:/Users/ro-d-/Facultad/Facultad/2020/segundo_Cuatrimestre/organizacion_de_las_Computadoras/TPI02_VHDL/AlvezRodrigoEsteban_SoleMatiasJesus_TPI2_OC2020/Mux_JR.vhd 2020/11/15.22:27:15 P.20131013
EN work/Mux_JR 1606865380 \
      FL C:/Users/ro-d-/Facultad/Facultad/2020/segundo_Cuatrimestre/organizacion_de_las_Computadoras/TPI02_VHDL/AlvezRodrigoEsteban_SoleMatiasJesus_TPI2_OC2020/Mux_JR.vhd \
      PB ieee/std_logic_1164 1381692176
AR work/Mux_JR/Behavioral 1606865381 \
      FL C:/Users/ro-d-/Facultad/Facultad/2020/segundo_Cuatrimestre/organizacion_de_las_Computadoras/TPI02_VHDL/AlvezRodrigoEsteban_SoleMatiasJesus_TPI2_OC2020/Mux_JR.vhd \
      EN work/Mux_JR 1606865380
FL C:/Users/ro-d-/Facultad/Facultad/2020/segundo_Cuatrimestre/organizacion_de_las_Computadoras/TPI02_VHDL/AlvezRodrigoEsteban_SoleMatiasJesus_TPI2_OC2020/Mux_Jump.vhd 2020/11/29.00:06:05 P.20131013
EN work/Mux_Jump 1606865366 \
      FL C:/Users/ro-d-/Facultad/Facultad/2020/segundo_Cuatrimestre/organizacion_de_las_Computadoras/TPI02_VHDL/AlvezRodrigoEsteban_SoleMatiasJesus_TPI2_OC2020/Mux_Jump.vhd \
      PB ieee/std_logic_1164 1381692176
AR work/Mux_Jump/Behavioral 1606865367 \
      FL C:/Users/ro-d-/Facultad/Facultad/2020/segundo_Cuatrimestre/organizacion_de_las_Computadoras/TPI02_VHDL/AlvezRodrigoEsteban_SoleMatiasJesus_TPI2_OC2020/Mux_Jump.vhd \
      EN work/Mux_Jump 1606865366
FL C:/Users/ro-d-/Facultad/Facultad/2020/segundo_Cuatrimestre/organizacion_de_las_Computadoras/TPI02_VHDL/AlvezRodrigoEsteban_SoleMatiasJesus_TPI2_OC2020/Mux_ME.vhd 2020/11/29.01:22:14 P.20131013
EN work/Mux_ME 1606865360 \
      FL C:/Users/ro-d-/Facultad/Facultad/2020/segundo_Cuatrimestre/organizacion_de_las_Computadoras/TPI02_VHDL/AlvezRodrigoEsteban_SoleMatiasJesus_TPI2_OC2020/Mux_ME.vhd \
      PB ieee/std_logic_1164 1381692176
AR work/Mux_ME/Behavioral 1606865361 \
      FL C:/Users/ro-d-/Facultad/Facultad/2020/segundo_Cuatrimestre/organizacion_de_las_Computadoras/TPI02_VHDL/AlvezRodrigoEsteban_SoleMatiasJesus_TPI2_OC2020/Mux_ME.vhd \
      EN work/Mux_ME 1606865360
FL C:/Users/ro-d-/Facultad/Facultad/2020/segundo_Cuatrimestre/organizacion_de_las_Computadoras/TPI02_VHDL/AlvezRodrigoEsteban_SoleMatiasJesus_TPI2_OC2020/Mux_PCNext.vhd 2020/11/15.22:51:48 P.20131013
EN work/Mux_PCPlus4 1606865368 \
      FL C:/Users/ro-d-/Facultad/Facultad/2020/segundo_Cuatrimestre/organizacion_de_las_Computadoras/TPI02_VHDL/AlvezRodrigoEsteban_SoleMatiasJesus_TPI2_OC2020/Mux_PCNext.vhd \
      PB ieee/std_logic_1164 1381692176
AR work/Mux_PCPlus4/Behavioral 1606865369 \
      FL C:/Users/ro-d-/Facultad/Facultad/2020/segundo_Cuatrimestre/organizacion_de_las_Computadoras/TPI02_VHDL/AlvezRodrigoEsteban_SoleMatiasJesus_TPI2_OC2020/Mux_PCNext.vhd \
      EN work/Mux_PCPlus4 1606865368
FL C:/Users/ro-d-/Facultad/Facultad/2020/segundo_Cuatrimestre/organizacion_de_las_Computadoras/TPI02_VHDL/AlvezRodrigoEsteban_SoleMatiasJesus_TPI2_OC2020/Procesador.vhd 2020/11/29.00:19:21 P.20131013
EN work/Procesador 1606865398 \
      FL C:/Users/ro-d-/Facultad/Facultad/2020/segundo_Cuatrimestre/organizacion_de_las_Computadoras/TPI02_VHDL/AlvezRodrigoEsteban_SoleMatiasJesus_TPI2_OC2020/Procesador.vhd \
      PB ieee/std_logic_1164 1381692176
AR work/Procesador/Behavioral 1606865399 \
      FL C:/Users/ro-d-/Facultad/Facultad/2020/segundo_Cuatrimestre/organizacion_de_las_Computadoras/TPI02_VHDL/AlvezRodrigoEsteban_SoleMatiasJesus_TPI2_OC2020/Procesador.vhd \
      EN work/Procesador 1606865398 CP Camino_Datos CP Unit_Control
FL C:/Users/ro-d-/Facultad/Facultad/2020/segundo_Cuatrimestre/organizacion_de_las_Computadoras/TPI02_VHDL/AlvezRodrigoEsteban_SoleMatiasJesus_TPI2_OC2020/Reg_ME.vhd 2020/11/29.01:43:24 P.20131013
EN work/Reg_ME 1606865356 \
      FL C:/Users/ro-d-/Facultad/Facultad/2020/segundo_Cuatrimestre/organizacion_de_las_Computadoras/TPI02_VHDL/AlvezRodrigoEsteban_SoleMatiasJesus_TPI2_OC2020/Reg_ME.vhd \
      PB ieee/std_logic_1164 1381692176
AR work/Reg_ME/Behavioral 1606865357 \
      FL C:/Users/ro-d-/Facultad/Facultad/2020/segundo_Cuatrimestre/organizacion_de_las_Computadoras/TPI02_VHDL/AlvezRodrigoEsteban_SoleMatiasJesus_TPI2_OC2020/Reg_ME.vhd \
      EN work/Reg_ME 1606865356
FL C:/Users/ro-d-/Facultad/Facultad/2020/segundo_Cuatrimestre/organizacion_de_las_Computadoras/TPI02_VHDL/AlvezRodrigoEsteban_SoleMatiasJesus_TPI2_OC2020/Sumador_Branch.vhd 2020/11/15.22:11:03 P.20131013
EN work/PC_Jump 1606865382 \
      FL C:/Users/ro-d-/Facultad/Facultad/2020/segundo_Cuatrimestre/organizacion_de_las_Computadoras/TPI02_VHDL/AlvezRodrigoEsteban_SoleMatiasJesus_TPI2_OC2020/Sumador_Branch.vhd \
      PB ieee/std_logic_1164 1381692176 PB ieee/NUMERIC_STD 1381692181
AR work/PC_Jump/Behavioral 1606865383 \
      FL C:/Users/ro-d-/Facultad/Facultad/2020/segundo_Cuatrimestre/organizacion_de_las_Computadoras/TPI02_VHDL/AlvezRodrigoEsteban_SoleMatiasJesus_TPI2_OC2020/Sumador_Branch.vhd \
      EN work/PC_Jump 1606865382
FL C:/Users/ro-d-/Facultad/Facultad/2020/segundo_Cuatrimestre/organizacion_de_las_Computadoras/TPI02_VHDL/AlvezRodrigoEsteban_SoleMatiasJesus_TPI2_OC2020/Sumador_PC_4.vhd 2020/11/15.22:18:57 P.20131013
EN work/Sumador_PC_4 1606865370 \
      FL C:/Users/ro-d-/Facultad/Facultad/2020/segundo_Cuatrimestre/organizacion_de_las_Computadoras/TPI02_VHDL/AlvezRodrigoEsteban_SoleMatiasJesus_TPI2_OC2020/Sumador_PC_4.vhd \
      PB ieee/std_logic_1164 1381692176 PB ieee/NUMERIC_STD 1381692181
AR work/Sumador_PC_4/Behavioral 1606865371 \
      FL C:/Users/ro-d-/Facultad/Facultad/2020/segundo_Cuatrimestre/organizacion_de_las_Computadoras/TPI02_VHDL/AlvezRodrigoEsteban_SoleMatiasJesus_TPI2_OC2020/Sumador_PC_4.vhd \
      EN work/Sumador_PC_4 1606865370
FL C:/Users/ro-d-/Facultad/Facultad/2020/segundo_Cuatrimestre/organizacion_de_las_Computadoras/TPI02_VHDL/AlvezRodrigoEsteban_SoleMatiasJesus_TPI2_OC2020/TOP_RV32I.vhd 2020/11/26.21:43:17 P.20131013
EN work/TOP_RV32I 1606865402 \
      FL C:/Users/ro-d-/Facultad/Facultad/2020/segundo_Cuatrimestre/organizacion_de_las_Computadoras/TPI02_VHDL/AlvezRodrigoEsteban_SoleMatiasJesus_TPI2_OC2020/TOP_RV32I.vhd \
      PB ieee/std_logic_1164 1381692176
AR work/TOP_RV32I/Behavioral 1606865403 \
      FL C:/Users/ro-d-/Facultad/Facultad/2020/segundo_Cuatrimestre/organizacion_de_las_Computadoras/TPI02_VHDL/AlvezRodrigoEsteban_SoleMatiasJesus_TPI2_OC2020/TOP_RV32I.vhd \
      EN work/TOP_RV32I 1606865402 CP Procesador CP mem_RAM
FL C:/Users/ro-d-/Facultad/Facultad/2020/segundo_Cuatrimestre/organizacion_de_las_Computadoras/TPI02_VHDL/AlvezRodrigoEsteban_SoleMatiasJesus_TPI2_OC2020/Unidad_ME.vhd 2020/11/29.01:41:31 P.20131013
EN work/Unidad_ME 1606865392 \
      FL C:/Users/ro-d-/Facultad/Facultad/2020/segundo_Cuatrimestre/organizacion_de_las_Computadoras/TPI02_VHDL/AlvezRodrigoEsteban_SoleMatiasJesus_TPI2_OC2020/Unidad_ME.vhd \
      PB ieee/std_logic_1164 1381692176
AR work/Unidad_ME/Behavioral 1606865393 \
      FL C:/Users/ro-d-/Facultad/Facultad/2020/segundo_Cuatrimestre/organizacion_de_las_Computadoras/TPI02_VHDL/AlvezRodrigoEsteban_SoleMatiasJesus_TPI2_OC2020/Unidad_ME.vhd \
      EN work/Unidad_ME 1606865392 CP Reg_ME CP Contador_ME CP Mux_ME
FL C:/Users/ro-d-/Facultad/Facultad/2020/segundo_Cuatrimestre/organizacion_de_las_Computadoras/TPI02_VHDL/AlvezRodrigoEsteban_SoleMatiasJesus_TPI2_OC2020/Unit_Control.vhd 2020/11/29.00:51:45 P.20131013
EN work/Unit_Control 1606865396 \
      FL C:/Users/ro-d-/Facultad/Facultad/2020/segundo_Cuatrimestre/organizacion_de_las_Computadoras/TPI02_VHDL/AlvezRodrigoEsteban_SoleMatiasJesus_TPI2_OC2020/Unit_Control.vhd \
      PB ieee/std_logic_1164 1381692176
AR work/Unit_Control/Behavioral 1606865397 \
      FL C:/Users/ro-d-/Facultad/Facultad/2020/segundo_Cuatrimestre/organizacion_de_las_Computadoras/TPI02_VHDL/AlvezRodrigoEsteban_SoleMatiasJesus_TPI2_OC2020/Unit_Control.vhd \
      EN work/Unit_Control 1606865396 CP Main_Decoder CP Alu_Decoder
FL C:/Users/ro-d-/Facultad/Facultad/2020/segundo_Cuatrimestre/organizacion_de_las_Computadoras/TPI02_VHDL/TPI2/ALU.vhd 2020/11/30.21:00:13 P.20131013
FL C:/Users/ro-d-/Facultad/Facultad/2020/segundo_Cuatrimestre/organizacion_de_las_Computadoras/TPI02_VHDL/TPI2/Alu_Decoder.vhd 2020/11/07.00:57:27 P.20131013
FL C:/Users/ro-d-/Facultad/Facultad/2020/segundo_Cuatrimestre/organizacion_de_las_Computadoras/TPI02_VHDL/TPI2/Banco_De_Regsitros.vhd 2020/11/30.21:00:13 P.20131013
FL C:/Users/ro-d-/Facultad/Facultad/2020/segundo_Cuatrimestre/organizacion_de_las_Computadoras/TPI02_VHDL/TPI2/Camino_Datos.vhd 2020/11/29.00:26:05 P.20131013
FL C:/Users/ro-d-/Facultad/Facultad/2020/segundo_Cuatrimestre/organizacion_de_las_Computadoras/TPI02_VHDL/TPI2/Contador_ME.vhd 2020/11/29.01:23:51 P.20131013
FL C:/Users/ro-d-/Facultad/Facultad/2020/segundo_Cuatrimestre/organizacion_de_las_Computadoras/TPI02_VHDL/TPI2/Contador_Programa.vhd 2020/11/29.00:57:35 P.20131013
FL C:/Users/ro-d-/Facultad/Facultad/2020/segundo_Cuatrimestre/organizacion_de_las_Computadoras/TPI02_VHDL/TPI2/Gen_Imm.vhd 2020/11/30.20:58:16 P.20131013
FL C:/Users/ro-d-/Facultad/Facultad/2020/segundo_Cuatrimestre/organizacion_de_las_Computadoras/TPI02_VHDL/TPI2/Main_Decoder.vhd 2020/11/30.20:59:30 P.20131013
FL C:/Users/ro-d-/Facultad/Facultad/2020/segundo_Cuatrimestre/organizacion_de_las_Computadoras/TPI02_VHDL/TPI2/mem_RAM.vhd 2020/11/30.20:59:54 P.20131013
FL C:/Users/ro-d-/Facultad/Facultad/2020/segundo_Cuatrimestre/organizacion_de_las_Computadoras/TPI02_VHDL/TPI2/mem_ROM.vhd 2020/12/01.14:48:57 P.20131013
FL C:/Users/ro-d-/Facultad/Facultad/2020/segundo_Cuatrimestre/organizacion_de_las_Computadoras/TPI02_VHDL/TPI2/Mux2x1_Data.vhd 2020/11/16.00:14:02 P.20131013
FL C:/Users/ro-d-/Facultad/Facultad/2020/segundo_Cuatrimestre/organizacion_de_las_Computadoras/TPI02_VHDL/TPI2/Mux2x1_SrcB.vhd 2020/11/06.10:50:42 P.20131013
FL C:/Users/ro-d-/Facultad/Facultad/2020/segundo_Cuatrimestre/organizacion_de_las_Computadoras/TPI02_VHDL/TPI2/Mux_Auipc.vhd 2020/11/16.01:50:01 P.20131013
FL C:/Users/ro-d-/Facultad/Facultad/2020/segundo_Cuatrimestre/organizacion_de_las_Computadoras/TPI02_VHDL/TPI2/Mux_JR.vhd 2020/11/15.22:27:15 P.20131013
FL C:/Users/ro-d-/Facultad/Facultad/2020/segundo_Cuatrimestre/organizacion_de_las_Computadoras/TPI02_VHDL/TPI2/Mux_Jump.vhd 2020/11/29.00:06:05 P.20131013
FL C:/Users/ro-d-/Facultad/Facultad/2020/segundo_Cuatrimestre/organizacion_de_las_Computadoras/TPI02_VHDL/TPI2/Mux_ME.vhd 2020/11/29.01:22:14 P.20131013
FL C:/Users/ro-d-/Facultad/Facultad/2020/segundo_Cuatrimestre/organizacion_de_las_Computadoras/TPI02_VHDL/TPI2/Mux_PCNext.vhd 2020/11/15.22:51:48 P.20131013
FL C:/Users/ro-d-/Facultad/Facultad/2020/segundo_Cuatrimestre/organizacion_de_las_Computadoras/TPI02_VHDL/TPI2/Procesador.vhd 2020/11/29.00:19:21 P.20131013
FL C:/Users/ro-d-/Facultad/Facultad/2020/segundo_Cuatrimestre/organizacion_de_las_Computadoras/TPI02_VHDL/TPI2/Reg_ME.vhd 2020/11/29.01:43:24 P.20131013
FL C:/Users/ro-d-/Facultad/Facultad/2020/segundo_Cuatrimestre/organizacion_de_las_Computadoras/TPI02_VHDL/TPI2/Sumador_Branch.vhd 2020/11/15.22:11:03 P.20131013
FL C:/Users/ro-d-/Facultad/Facultad/2020/segundo_Cuatrimestre/organizacion_de_las_Computadoras/TPI02_VHDL/TPI2/Sumador_PC_4.vhd 2020/11/15.22:18:57 P.20131013
FL C:/Users/ro-d-/Facultad/Facultad/2020/segundo_Cuatrimestre/organizacion_de_las_Computadoras/TPI02_VHDL/TPI2/TOP_RV32I.vhd 2020/11/26.21:43:17 P.20131013
FL C:/Users/ro-d-/Facultad/Facultad/2020/segundo_Cuatrimestre/organizacion_de_las_Computadoras/TPI02_VHDL/TPI2/Unidad_ME.vhd 2020/11/29.01:41:31 P.20131013
FL C:/Users/ro-d-/Facultad/Facultad/2020/segundo_Cuatrimestre/organizacion_de_las_Computadoras/TPI02_VHDL/TPI2/Unit_Control.vhd 2020/11/29.00:51:45 P.20131013
FL "D:/Facultad/3ro/Organizacion de las computadoras/Nueva carpeta/TPI2/ALU.vhd" 2020/10/31.21:31:51 P.20131013
FL "D:/Facultad/3ro/Organizacion de las computadoras/Nueva carpeta/TPI2/Banco_De_Regsitros.vhd" 2020/10/31.20:51:11 P.20131013
FL "D:/Facultad/3ro/Organizacion de las computadoras/Nueva carpeta/TPI2/Camino_Datos.vhd" 2020/10/31.22:04:27 P.20131013
FL "D:/Facultad/3ro/Organizacion de las computadoras/Nueva carpeta/TPI2/Contador_Programa.vhd" 2020/10/31.19:53:00 P.20131013
FL "D:/Facultad/3ro/Organizacion de las computadoras/Nueva carpeta/TPI2/Gen_Imm.vhd" 2020/10/31.21:23:31 P.20131013
FL "D:/Facultad/3ro/Organizacion de las computadoras/Nueva carpeta/TPI2/mem_RAM.vhd" 2020/10/31.16:10:56 P.20131013
FL "D:/Facultad/3ro/Organizacion de las computadoras/Nueva carpeta/TPI2/mem_ROM.vhd" 2020/10/31.19:56:06 P.20131013
FL "D:/Facultad/3ro/Organizacion de las computadoras/Nueva carpeta/TPI2/Procesador.vhd" 2020/10/31.17:27:59 P.20131013
FL "D:/Facultad/3ro/Organizacion de las computadoras/Nueva carpeta/TPI2/Sumador_PC_4.vhd" 2020/10/31.21:55:47 P.20131013
FL "D:/Facultad/3ro/Organizacion de las computadoras/Nueva carpeta/TPI2/TOP_RV32I.vhd" 2020/10/31.16:47:50 P.20131013
FL "D:/Facultad/3ro/Organizacion de las computadoras/Nueva carpeta/TPI2/Unit_Control.vhd" 2020/10/31.16:52:51 P.20131013
FL "D:/Facultad/3ro/Organizacion de las computadoras/TP2/TPI2/ALU.vhd" 2020/11/30.21:00:13 P.20131013
FL "D:/Facultad/3ro/Organizacion de las computadoras/TP2/TPI2/Alu_Decoder.vhd" 2020/11/07.00:57:27 P.20131013
FL "D:/Facultad/3ro/Organizacion de las computadoras/TP2/TPI2/Banco_De_Regsitros.vhd" 2020/11/30.21:00:13 P.20131013
FL "D:/Facultad/3ro/Organizacion de las computadoras/TP2/TPI2/Camino_Datos.vhd" 2020/11/29.00:26:05 P.20131013
FL "D:/Facultad/3ro/Organizacion de las computadoras/TP2/TPI2/Contador_ME.vhd" 2020/11/29.01:23:51 P.20131013
FL "D:/Facultad/3ro/Organizacion de las computadoras/TP2/TPI2/Contador_Programa.vhd" 2020/11/29.00:57:35 P.20131013
FL "D:/Facultad/3ro/Organizacion de las computadoras/TP2/TPI2/Gen_Imm.vhd" 2020/11/30.20:58:16 P.20131013
FL "D:/Facultad/3ro/Organizacion de las computadoras/TP2/TPI2/Main_Decoder.vhd" 2020/11/30.20:59:30 P.20131013
FL "D:/Facultad/3ro/Organizacion de las computadoras/TP2/TPI2/mem_RAM.vhd" 2020/11/30.20:59:54 P.20131013
FL "D:/Facultad/3ro/Organizacion de las computadoras/TP2/TPI2/mem_ROM.vhd" 2020/11/30.20:57:47 P.20131013
FL "D:/Facultad/3ro/Organizacion de las computadoras/TP2/TPI2/Mux2x1_Data.vhd" 2020/11/16.00:14:02 P.20131013
FL "D:/Facultad/3ro/Organizacion de las computadoras/TP2/TPI2/Mux2x1_SrcB.vhd" 2020/11/06.10:50:42 P.20131013
FL "D:/Facultad/3ro/Organizacion de las computadoras/TP2/TPI2/Mux_Auipc.vhd" 2020/11/16.01:50:01 P.20131013
FL "D:/Facultad/3ro/Organizacion de las computadoras/TP2/TPI2/Mux_JR.vhd" 2020/11/15.22:27:15 P.20131013
FL "D:/Facultad/3ro/Organizacion de las computadoras/TP2/TPI2/Mux_Jump.vhd" 2020/11/29.00:06:05 P.20131013
FL "D:/Facultad/3ro/Organizacion de las computadoras/TP2/TPI2/Mux_ME.vhd" 2020/11/29.01:22:14 P.20131013
FL "D:/Facultad/3ro/Organizacion de las computadoras/TP2/TPI2/Mux_PCNext.vhd" 2020/11/15.22:51:48 P.20131013
FL "D:/Facultad/3ro/Organizacion de las computadoras/TP2/TPI2/Procesador.vhd" 2020/11/29.00:19:21 P.20131013
FL "D:/Facultad/3ro/Organizacion de las computadoras/TP2/TPI2/Reg_ME.vhd" 2020/11/29.01:43:24 P.20131013
FL "D:/Facultad/3ro/Organizacion de las computadoras/TP2/TPI2/Sumador_Branch.vhd" 2020/11/15.22:11:03 P.20131013
FL "D:/Facultad/3ro/Organizacion de las computadoras/TP2/TPI2/Sumador_PC_4.vhd" 2020/11/15.22:18:57 P.20131013
FL "D:/Facultad/3ro/Organizacion de las computadoras/TP2/TPI2/TOP_RV32I.vhd" 2020/11/26.21:43:17 P.20131013
FL "D:/Facultad/3ro/Organizacion de las computadoras/TP2/TPI2/Unidad_ME.vhd" 2020/11/29.01:41:31 P.20131013
FL "D:/Facultad/3ro/Organizacion de las computadoras/TP2/TPI2/Unit_Control.vhd" 2020/11/29.00:51:45 P.20131013
